// Vitest Snapshot v1

exports[`MonthView component snapshot 1`] = `
<div
  className="bg-sheet grid grid-rows-[1fr_repeat(5,_2fr)] grid-cols-7 auto-rows-[2fr] h-full text-normal"
>
  <div
    className="border-r border-r-line text-sm text-day text-center pt-2"
  >
    Sunday
  </div>
  <div
    className="border-r border-r-line text-sm text-day text-center pt-2"
  >
    Monday
  </div>
  <div
    className="border-r border-r-line text-sm text-day text-center pt-2"
  >
    Tuesday
  </div>
  <div
    className="border-r border-r-line text-sm text-day text-center pt-2"
  >
    Wednesday
  </div>
  <div
    className="border-r border-r-line text-sm text-day text-center pt-2"
  >
    Thursday
  </div>
  <div
    className="border-r border-r-line text-sm text-day text-center pt-2"
  >
    Friday
  </div>
  <div
    className="text-sm text-day text-center pt-2"
  >
    Saturday
  </div>
  <button
    className="flex flex-col p-4 border-t border-line border-r text-grayed-out"
    onClick={[Function]}
    tabIndex={-1}
    title="2021-12-26"
  >
    <span
      className="text-left"
    >
      26
    </span>
  </button>
  <button
    className="flex flex-col p-4 border-t border-line border-r text-grayed-out"
    onClick={[Function]}
    tabIndex={-1}
    title="2021-12-27"
  >
    <span
      className="text-left"
    >
      27
    </span>
  </button>
  <button
    className="flex flex-col p-4 border-t border-line border-r text-grayed-out"
    onClick={[Function]}
    tabIndex={-1}
    title="2021-12-28"
  >
    <span
      className="text-left"
    >
      28
    </span>
  </button>
  <button
    className="flex flex-col p-4 border-t border-line border-r text-grayed-out"
    onClick={[Function]}
    tabIndex={-1}
    title="2021-12-29"
  >
    <span
      className="text-left"
    >
      29
    </span>
  </button>
  <button
    className="flex flex-col p-4 border-t border-line border-r text-grayed-out"
    onClick={[Function]}
    tabIndex={-1}
    title="2021-12-30"
  >
    <span
      className="text-left"
    >
      30
    </span>
  </button>
  <button
    className="flex flex-col p-4 border-t border-line border-r text-grayed-out"
    onClick={[Function]}
    tabIndex={-1}
    title="2021-12-31"
  >
    <span
      className="text-left"
    >
      31
    </span>
  </button>
  <button
    className="flex flex-col p-4 border-t border-line"
    onClick={[Function]}
    title="2022-01-01"
  >
    <span
      className="text-left"
    >
      1
    </span>
    <div
      className="text-left text-sm"
    >
      January
    </div>
  </button>
  <button
    className="flex flex-col p-4 border-t border-line border-r"
    onClick={[Function]}
    title="2022-01-02"
  >
    <span
      className="text-left"
    >
      2
    </span>
  </button>
  <button
    className="flex flex-col p-4 border-t border-line border-r"
    onClick={[Function]}
    title="2022-01-03"
  >
    <span
      className="text-left"
    >
      3
    </span>
  </button>
  <button
    className="flex flex-col p-4 border-t border-line border-r"
    onClick={[Function]}
    title="2022-01-04"
  >
    <span
      className="text-left"
    >
      4
    </span>
  </button>
  <button
    className="flex flex-col p-4 border-t border-line border-r"
    onClick={[Function]}
    title="2022-01-05"
  >
    <span
      className="text-left"
    >
      5
    </span>
  </button>
  <button
    className="flex flex-col p-4 border-t border-line border-r"
    onClick={[Function]}
    title="2022-01-06"
  >
    <span
      className="text-left"
    >
      6
    </span>
  </button>
  <button
    className="flex flex-col p-4 border-t border-line border-r"
    onClick={[Function]}
    title="2022-01-07"
  >
    <span
      className="text-left"
    >
      7
    </span>
  </button>
  <button
    className="flex flex-col p-4 border-t border-line"
    onClick={[Function]}
    title="2022-01-08"
  >
    <span
      className="text-left"
    >
      8
    </span>
  </button>
  <button
    className="flex flex-col p-4 border-t border-line border-r"
    onClick={[Function]}
    title="2022-01-09"
  >
    <span
      className="text-left"
    >
      9
    </span>
  </button>
  <button
    className="flex flex-col p-4 border-t border-line border-r"
    onClick={[Function]}
    title="2022-01-10"
  >
    <span
      className="text-left"
    >
      10
    </span>
  </button>
  <button
    className="flex flex-col p-4 border-t border-line border-r"
    onClick={[Function]}
    title="2022-01-11"
  >
    <span
      className="text-left"
    >
      11
    </span>
  </button>
  <button
    className="flex flex-col p-4 border-t border-line border-r"
    onClick={[Function]}
    title="2022-01-12"
  >
    <span
      className="text-left"
    >
      12
    </span>
  </button>
  <button
    className="flex flex-col p-4 border-t border-line border-r"
    onClick={[Function]}
    title="2022-01-13"
  >
    <span
      className="text-left"
    >
      13
    </span>
  </button>
  <button
    className="flex flex-col p-4 border-t border-line border-r"
    onClick={[Function]}
    title="2022-01-14"
  >
    <span
      className="text-left"
    >
      14
    </span>
  </button>
  <button
    className="flex flex-col p-4 border-t border-line"
    onClick={[Function]}
    title="2022-01-15"
  >
    <span
      className="text-left"
    >
      15
    </span>
  </button>
  <button
    className="flex flex-col p-4 border-t border-line border-r"
    onClick={[Function]}
    title="2022-01-16"
  >
    <span
      className="text-left"
    >
      16
    </span>
  </button>
  <button
    className="flex flex-col p-4 border-t border-line border-r"
    onClick={[Function]}
    title="2022-01-17"
  >
    <span
      className="text-left"
    >
      17
    </span>
  </button>
  <button
    className="flex flex-col p-4 border-t border-line border-r"
    onClick={[Function]}
    title="2022-01-18"
  >
    <span
      className="text-left"
    >
      18
    </span>
  </button>
  <button
    className="flex flex-col p-4 border-t border-line border-r"
    onClick={[Function]}
    title="2022-01-19"
  >
    <span
      className="text-left"
    >
      19
    </span>
  </button>
  <button
    className="flex flex-col p-4 border-t border-line border-r"
    onClick={[Function]}
    title="2022-01-20"
  >
    <span
      className="text-left"
    >
      20
    </span>
  </button>
  <button
    className="flex flex-col p-4 border-t border-line border-r"
    onClick={[Function]}
    title="2022-01-21"
  >
    <span
      className="text-left"
    >
      21
    </span>
  </button>
  <button
    className="flex flex-col p-4 border-t border-line"
    onClick={[Function]}
    title="2022-01-22"
  >
    <span
      className="text-left"
    >
      22
    </span>
  </button>
  <button
    className="flex flex-col p-4 border-t border-line border-r"
    onClick={[Function]}
    title="2022-01-23"
  >
    <span
      className="text-left"
    >
      23
    </span>
  </button>
  <button
    className="flex flex-col p-4 border-t border-line border-r"
    onClick={[Function]}
    title="2022-01-24"
  >
    <span
      className="text-left"
    >
      24
    </span>
  </button>
  <button
    className="flex flex-col p-4 border-t border-line border-r"
    onClick={[Function]}
    title="2022-01-25"
  >
    <span
      className="text-left"
    >
      25
    </span>
  </button>
  <button
    className="flex flex-col p-4 border-t border-line border-r"
    onClick={[Function]}
    title="2022-01-26"
  >
    <span
      className="text-left"
    >
      26
    </span>
  </button>
  <button
    className="flex flex-col p-4 border-t border-line border-r"
    onClick={[Function]}
    title="2022-01-27"
  >
    <span
      className="text-left"
    >
      27
    </span>
  </button>
  <button
    className="flex flex-col p-4 border-t border-line border-r"
    onClick={[Function]}
    title="2022-01-28"
  >
    <span
      className="text-left"
    >
      28
    </span>
  </button>
  <button
    className="flex flex-col p-4 border-t border-line"
    onClick={[Function]}
    title="2022-01-29"
  >
    <span
      className="text-left"
    >
      29
    </span>
  </button>
  <button
    className="flex flex-col p-4 border-t border-line border-r"
    onClick={[Function]}
    title="2022-01-30"
  >
    <span
      className="text-left"
    >
      30
    </span>
  </button>
  <button
    className="flex flex-col p-4 border-t border-line border-r"
    onClick={[Function]}
    title="2022-01-31"
  >
    <span
      className="text-left"
    >
      31
    </span>
  </button>
  <button
    className="flex flex-col p-4 border-t border-line border-r text-grayed-out"
    onClick={[Function]}
    tabIndex={-1}
    title="2022-02-01"
  >
    <span
      className="text-left"
    >
      1
    </span>
    <div
      className="text-left text-sm"
    >
      February
    </div>
  </button>
  <button
    className="flex flex-col p-4 border-t border-line border-r text-grayed-out"
    onClick={[Function]}
    tabIndex={-1}
    title="2022-02-02"
  >
    <span
      className="text-left"
    >
      2
    </span>
  </button>
  <button
    className="flex flex-col p-4 border-t border-line border-r text-grayed-out"
    onClick={[Function]}
    tabIndex={-1}
    title="2022-02-03"
  >
    <span
      className="text-left"
    >
      3
    </span>
  </button>
  <button
    className="flex flex-col p-4 border-t border-line border-r text-grayed-out"
    onClick={[Function]}
    tabIndex={-1}
    title="2022-02-04"
  >
    <span
      className="text-left"
    >
      4
    </span>
  </button>
  <button
    className="flex flex-col p-4 border-t border-line text-grayed-out"
    onClick={[Function]}
    tabIndex={-1}
    title="2022-02-05"
  >
    <span
      className="text-left"
    >
      5
    </span>
  </button>
</div>
`;
